// Jest Snapshot v1, https://goo.gl/fbAQLP

exports[`renders correctly 1`] = `
<h1>
  Hello Jest!
</h1>
`;

exports[`should render label 1`] = `
<h1>
  Hello Jest!
</h1>
`;
